[    0.000000] Initializing cgroup subsys cpuset
[    0.000000] Initializing cgroup subsys cpu
[    0.000000] Initializing cgroup subsys cpuacct
[    0.000000] Linux version 4.4.0-43-generic (buildd@lgw01-22) (gcc version 5.4.0 20160609 (Ubuntu 5.4.0-6ubuntu1~16.04.2) ) #63-Ubuntu SMP Wed Oct 12 13:48:03 UTC 2016 (Ubuntu 4.4.0-43.63-generic 4.4.21)
[    0.000000] Command line: BOOT_IMAGE=/boot/vmlinuz-4.4.0-43-generic root=LABEL=cloudimg-roofs ro console=tty1 console=ttyS0
[    0.000000] KERNEL spoted cpus:
[    0.000000]   Intel GenuineIntel
[    0.000000]   AMD AuthenticAMD
   0.000000]   Centaur CentaurHauls
[    0.000000] x86/fpu: Legacy x87 FPU detected.[   0.000000] x86fp: sing 'lazy' FPU context switches.
[    0.000000] e820: BIOS-provided physical RAM map:
[    0.000000] BIOS-e820: [mem 0x0000000000000000-0x000000000009fbff] usabe[    0.000000] BIOS-e820: [mem 0x000000000009fc00-0x000000000009ffff] reserved
[    0.000000] BIOS-e820: [mem0x0000000f0000-0x00000000000fffff] reserved
[    0.000000] BIOS-e820: [mem 0x00000000010000-0x000000007ffeffff] usable
[    0.000000] BIOS-e820: [mem 0x000000007fff0000-0x000000007fffffff] ACPI data
[    0.000000] BIOS-e820: [mem 0x00000000fec00000-0x00000000fec00fff] reserved
[    0.000000] BIOS-e820: [mem 0x00000000fee00000-0x00000000fee00fff] reserved
[    0.000000] BIOS-e820: [mem 0x00000000fffc0000-0x00000000ffffffff] reered
[    0.000000] NX (Execute Disable) protection: active
[    0.000000] SMIO 25 presen.[    0.000000] Hypervisor detected: KVM
[    0.0000] AGP: No AGP bridge found
[    0.000000] e820: last_pfn = 0x7fff0 max_arch_pfn = 0x400000000
[    0.000000] MTRR: Disabled
[    0.000000] x86/PAT: MTRRs disabled, skipping PAT initialization too.
[    0.000000] x86/PAT: Configuration [0-7]: WB  WT  UC- UC  WB  WT  UC- UC  
[    0.000000] CPU MTRRs all blank - virtualized system.
[    0.000000] found SMP MP-table at [mem 0x0009fff0-0x0009ffff] mapped at [ffff88000009fff0]
[    0.000000] Scanning 1 areas for low memory corruption
    0.000000] RAMDISK: [mem 0x36fd8000-0x377e3fff]
[    0.000000] ACPI: Early table checksum verification disabled
[    0.000000] ACPI: RSDP 0x00000000000E0000 000024(v2 VBOX  )
[    0.000000] ACPI: XSDT 0x000000007FFF0030 00003C (v01 VBOX   VBOXXSDT 00000001 ASL  00000061)
[    0.000000] ACPI: FACP 0x000000007FFF00F0 0000F4 (v04 VBOX   VBOXFACP 00000001 ASL  00000061)
[    0.000000] ACPI: DSDT 0x000000007FFF0470 000210F (v01 VBOX   VBOXBIOS 00000002 INTL 20100528)
[    0.000000] ACPI: FACS 0x000000007FFF0200 000040
[    0.000000] ACPI: FACS 0x000000FFF0200 000040
[    0.000000] ACPI: APIC 0x000000007FFF0240 00005C (v02 VBOX   VBOXAPIC 00000001 ASL  00000061)
[    00000] ACPI: SSDT 0x000000007FFF02A0 0001CC (v01 VBOX   VBOXCPUT 00000002 INTL 20100528)
[    0.0000000]  NUMA configuration found
[    0.000000] Faking a node at [mem 0x0000000000000000-0x000000007ffeffff]
[    0.000000] NODE_DATA(0) allocated [mem 0x7ffeb000-0x7ffeffff]
[    0.000000] kvm-clock: Using msrs 4b564d01 and 4b564d00
[    0.000000] kvm-clock: cpu 0, msr 0:7ffe7001, primary cpu clock
[    0.000000] kvm-clock: using sched offset of 3745158874 cycles
[    0.000000] clocksource: kvm-clock: mask: 0xffffffffffffffff max_cycles: 0x1cd42e4dffb, max_idle_ns: 881590591483 ns
[    0.000000] Zne ranges:
[    0.000000]   DMA      [mem 0x0000000000001000-0x0000000000ffffff]
[    0.000000]   DMA32    [mem 0x0000000001000000-0x000000007ffeffff]
[    0.000000]   Normal   empty
[    0.000000]   Device   empty
[    0.000000] Movable zone start for each node
[    0.000000] Early memory node ranges
[    0.000000]   node   0: [mem 0x0000000000001000-0x000000000009efff]
[    0.000000]   node  0: [mem 0x0000000000100000-0x000000007ffeffff]
[    0.000000] Initmem setup node 0 [mem 0x0000000000000-0x0000007feffff]
[    0.000000] ACPI: PM-Timer IO Port: 0x4008
[    0.000000] IOAPIC[0]: apic_id 2, version 32, address 0xfec00000, GSI 0-23
[    0.000000] ACPI: INT_SRC_OVR (bus 0 bus_irq 0 global_irq 2 dfl dfl)
[    0.000000] ACPI: INT_SRC_OVR (bu0 us_irq 9 global_irq 9 high level)
[    0.000000] Using ACPI (MADT) for SMP configuration information
[    0.00000] smpbot: llowig  CUs, 0 hotplug CPUs
[    0.000000] P Rgisteed osve memory: [mem 0x00000000-0x00000fff]
[    0.000] PM: Registered nosave memory: [mem 0x0009f000-0x0009ffff]
[    0.000000] PM: Registered nosave memory: [mem 0x000a0000-0x000effff]
[    0.000000] PM: Registered nosave memory: [mem 0x000f0000-0x000fffff]
[    0.000000] e820: [mem 0x80000000-0xfebfffff] available for PCI devices
[    0.000000] Booting paravirtualized kernel on KVM
[    0.000000] clocksource: refined-jiffies: mask: 0xffffffff max_cycles: 0xffffffff, max_idle_ns: 7645519600211568 ns
[    0.000000] setup_percpu: NR_CPUS:256 nr_cpumask_bits:256 nr_cpu_ids:2 nr_node_ids:1
[    0.000000] PERCPU: Embedded 33 pages/cpu @ffff88007fc00000 s98008 r8192 d28968 u1048576
[    0.000000] PV qspinlock hash table entries: 256 (order: 0, 4096 bytes)
[    0.000000] Built 1 zonelists in Node order, mobility grouping on.  Total pages: 515961
[    0.000000] Policy zone: DMA32
[    0.000000] Kernel command line: BOOT_IMAGE=/boot/vmlinuz-4.4.0-43-generic rootLABEL=cloudimg-rootfs ro console=tty1 console=ttyS0
[    0.000000] PID hash table entries: 4096 (order: 3, 32768 bytes)
[    0.000000] AGP: Checking aperture...
[    0.000000] AGP: No AGP bridge found
[    0.000000] Memory: 2036588K/2096696K available (8409K kernel code, 1283K rwdata, 3944K rodata, 1480K init, 1292K bss, 60108K reserved, 0K cma-reserved)
[    0.000000] SLUB: HWalign=64, Order=0-3, MinObjects=0, CPUs=2, Nodes=1
[    0.000000] Hierarchical RCU implementation.
[    0.000000] 	Build-time adjustment of leaf fanout to 64.
[    0.000000] 	RCU restricting CPUs from NR_CPUS=256 to nr_cpu_ids=2.
[    0.000000] RCU: Adjusting geometry for rcu_fanout_leaf=64, nr_cpu_ids=2
[    0.000000] NR_IRQS:16640 nr_irqs:440 16
[    0.000000] Console: colour VGA+ 80x25
[    0.000000] console [tty1] enabled
[    0.000000] console [ttyS0] enabled
[    0.000000] tsc: Detected 3006.074 MHz processor
[    0.000000] tsc: Marking TSC unstable due to TSCs unsynchronized
[    0.004000] Calibrating delay loop (skipped) preset value.. 6012.14 BogoMIIPS (lpj=12024296)
[    0.004011] pid_max: default: 32768 minimum: 301
[    0.005554] ACPI: Core revision 20150930
[    0.009177] ACPI: 2 ACPI AML tables successfully acquired and loaded
[    0.016370] Security Framework initialized
[    0.017462] Yama: becoming mindful.
[    0.020033] AppArmor: AppArmor initialized
[    0.028013] Dentry cache hash table entries: 262144 (order: 9, 2097152 bytes)
[    0.032703] Inode-cache hash table entries: 131072 (order: 8, 1048576 bytes)
[    0.036253] Mount-cache hash table entries: 4096 (order: 3, 32768 bytes)
[    0.040013] Mountpoint-cache hash table entries: 4096 (order: 3, 32768 bytes)
[    0.048027] Initializing cgroup subsys io
[    0.052011] Initializing cgroup subsys memory
[    0.056017] Initializing cgroup subsys devices
[    0.061000] Initializing cgroup subsys freezer
[    0.064010] Initializing cgroup subsys net_cls
[    0.068005] Initializing cgroup subsys perf_event
[    0.069788] Initializing cgroup subsys net_prio
[    0.072015] Initializing cgroup subsys hugetlb
[    0.073070] Initializing cgroup subsys pids
[    0.076124] CPU: Physical Processor ID: 0
[    0.078526] CPU: Processor Core ID: 0
[    0.080008] mce: CPU supports 0 MCE banks
[    0.081644] process: using AMD E400 aware idle routine
[    0.084009] Last level iTLB entries: 4KB 512, 2MB 16, 4MB 8
[    0.085594] Last level dTLB entries: 4KB 512, 2MB 128, 4MB 64, 1GB 0
[    0.090113] Freeing SMP alternatives memory: 32K (ffffffff820b4000 - ffffffff820bc000)
[    0.108081] ftrace: allocating 32007 entries in 126 pages
[    0.124115] smpboot: Max logical packages: 1
[    0.128009] smpboot: APIC(0) Converting physical 0 to logical package 0
[    0.132328] x2apic enabled
[    0.136008] Switched APIC routing to physical x2apic.
[    0.141348] ..TIMER: vector=0x30 apic1=0 pin1=2 apic2=-1 pin2=-1
[    0.148000] smpboot: CPU0: AMD Phenom(tm) II X2 545 Processor (family: 0x10, model: 0x4, stepping: 0x2)
[    0.149899] Performance Events: Broken PMU hardware detected, using software events only.
[    0.152003] Failed to access perfctr msr (MSR c0010007 is 0)
[    0.153286] KVM setup paravirtual spinlock
[    0.155084] x86: Booting SMP configuration:
[    0.156004] .... node  #0, CPUs:      #1
[    0.004000] kvm-clock: cpu 1, msr 0:7ffe7041, secondary cpu clock
[    0.004000] mce: CPU supports 0 MCE banks
[    0.201997] x86: Booted up 1 node, 2 CPUs
[    0.204006] smpboot: Total of 2 processors activated (12024.29 BogoMIPS)
[    0.208000] devtmpfs: initialized
[    0.209659] evm: security.selinux
[    0.211073] evm: security.SMACK64
[    0.212000] evm: security.SMACK64EXEC
[    0.212006] evm: security.SMACK64TRANSMUTE
[    0.213408] evm: security.SMACK64MMAP
[    0.216007] evm: security.ima
[    0.217010] evm: security.capability
[    0.220212] clocksource: jiffies: mask: 0xffffffff max_cycles: 0xffffffff, max_idle_ns: 7645041785100000 ns
[    0.224084] pinctrl core: initialized pinctrl subsystem
[    0.228161] RTC time:  3:10:54, date: 10/23/16
[    0.233701] NET: Registered protocol family 16
[    0.248017] cpuidle: using governor ladder
[    0.260016] cpuidle: using governor menu
[    0.262257] PCCT header not found.
[    0.264344] ACPI: bus type PCI registered
[    0.268007] acpiphp: ACPI Hot Plug PCI Controller Driver version: 0.5
[    0.272141] PCI: Using configuration type 1 for base access
[    0.276003] PCI: Using configuration type 1 for extended access
[    0.296348] ACPI: Added _OSI(Module Device)
[    0.300007] ACPI: Added _OSI(Processor Device)
[    0.301338] ACPI: Added _OSI(3.0 _SCP Extensions)
[    0.302762] ACPI: Added _OSI(Processor Aggregator Device)
[    0.304000] ACPI: Executed 1 blocks of module-level executable AML code
[    0.309303] ACPI: Interpreter enabled
[    0.312012] ACPI Exception: AE_NOT_FOUND, While evaluating Sleep State [\_S1_] (20150930/hwxface-580)
[    0.320007] ACPI Exception: AE_NOT_FOUND, While evaluating Sleep State [\_S2_] (20150930/hwxface-580)
[    0.328008] ACPI Exception: AE_NOT_FOUND, While evaluating Sleep State [\_S3_] (20150930/hwxface-580)
[    0.336008] ACPI Exception: AE_NOT_FOUND, While evaluating Sleep State [\_S4_] (20150930/hwxface-580)
[    0.344012] ACPI: (supports S0 S5)
[    0.348004] ACPI: Using IOAPIC for interrupt routing
[    0.352183] PCI: Using host bridge windows from ACPI; if necessary, use "pci=nocrs" and report a bug
[    0.361996] ACPI: PCI Root Bridge [PCI0] (domain 0000 [bus 00-ff])
[    0.364018] acpi PNP0A03:00: _OSC: OS supports [ExtendedConfig ASPM ClockPM Segments MSI]
[    0.372009] acpi PNP0A03:00: _OSC failed (AE_NOT_FOUND); disabling ASPM
[    0.376386] PCI host bridge to bus 0000:00
[    0.380007] pci_bus 0000:00: root bus resource [io  0x0000-0x0cf7 window]
[    0.384007] pci_bus 0000:00: root bus resource [io  0x0d00-0xffff window]
[    0.388003] pci_bus 0000:00: root bus resource [mem 0x000a0000-0x000bffff window]
[    0.392007] pci_bus 0000:00: root bus resource [mem 0x80000000-0xffdfffff window]
[    0.396006] pci_bus 0000:00: root bus resource [bus 00-ff]
[    0.404567] pci 0000:00:01.1: legacy IDE quirk: reg 0x10: [io  0x01f0-0x01f7]
[    0.408013] pci 0000:00:01.1: legacy IDE quirk: reg 0x14: [io  0x03f6]
[    0.412006] pci 0000:00:01.1: legacy IDE quirk: reg 0x18: [io  0x0170-0x0177]
[    0.416006] pci 0000:00:01.1: legacy IDE quirk: reg 0x1c: [io  0x0376]
[    0.472819] pci 0000:00:07.0: quirk: [io  0x4000-0x403f] claimed by PIIX4 ACPI
[    0.476018] pci 0000:00:07.0: quirk: [io  0x4100-0x410f] claimed by PIIX4 SMB
[    0.497367] ACPI: PCI Interrupt Link [LNKA] (IRQs 5 9 10 *11)
[    0.504793] ACPI: PCI Interrupt Link [LNKB] (IRQs 5 9 10 *11)
[    0.508983] ACPI: PCI Interrupt Link [LNKC] (IRQs 5 9 *10 11)
[    0.513008] ACPI: PCI Interrupt Link [LNKD] (IRQs 5 *9 10 11)
[    0.520681] ACPI: Enabled 2 GPEs in block 00 to 07
[    0.524177] vgaarb: setting as boot device: PCI:0000:00:02.0
[    0.527479] vgaarb: device added: PCI:0000:00:02.0,decodes=io+mem,owns=io+mem,locks=none
[    0.528007] vgaarb: loaded
[    0.532005] vgaarb: bridge control possible 0000:00:02.0
[    0.536265] SCSI subsystem initialized
[    0.537502] ACPI: bus type USB registered
[    0.540023] usbcore: registered new interface driver usbfs
[    0.541599] usbcore: registered new interface driver hub
[    0.543273] usbcore: registered new device driver usb
[    0.544106] PCI: Using ACPI for IRQ routing
[    0.548322] NetLabel: Initializing
[    0.552005] NetLabel:  domain hash size = 128
[    0.553318] NetLabel:  protocols = UNLABELED CIPSOv4
[    0.554599] NetLabel:  unlabeled traffic allowed by default
[    0.556064] amd_nb: Cannot enumerate AMD northbridges
[    0.560854] clocksource: Switched to clocksource kvm-clock
[  08762ApArr: AppArmor Filesystem Enabled
[   .8764]pnp: PnP ACPI nit
[    0.881531] pnp: PnP ACPI: found 3 devices

[    1.062990] cocsource: acpi_pm: mask: 0xffffff max_cycles: 0xffffff, max_idle_ns: 2085701024 ns
[    1.064217] NET: Registered protocol family 2

[    1.124762] TCP established hash table entries: 16384 (order: 5, 131072 bytes)
[   135454] TC bndha table etres 138 (rder: 6, 262144 bytes)
[    1.139328] TCP: Hash tables configured (established 16384 bind 16384)
[    1.139328] UDP hash table entries: 1024 (order: 3, 32768 bytes)
[    1.139328] UDP-Lite hash table entries: 1024 (order: 3, 32768 bytes)
[    1.139328] NET: Registered protocol family 1
[    1.139328] pci 0000:00:00.0: Limiting direct PCI/PCI transfers
[   13328] pci 0000:00:01.0: Activating ISA DMA hang workarounds
[    1.693460] Trying to unpack rootfs image as initramfs...
[    3.546320] Freeing initrd memory: 8240K (ffff880036fd8000 - ffff8800377e4000)
[    3.550997] clocksource: tsc: mask: 0xffffffffffffffff max_cycles: 0x2b54af8e6c0, max_idle_ns: 440795290068 ns
[    3.552384] platform rtc_cmos: registered platform RTC device (no PNP device found)
[    3.552418] Scanning for low memory corruption every 60 seconds
[    3.552726] futex hash table entries: 512 (order: 3, 32768 bytes)
[    3.552756] audit: initializing netlink subsys (disabled)
[    3.552782] audit: type=2000 audit(1477192261.945:1): initialized
[    3.553037] Initialise system trusted keyring
[    3.553247] HugeTLB registered 2 MB page size, pre-allocated 0 pages
[    3.554865] zbud: loaded
[    3.555060] VFS: Disk quotas dquot_6.6.0
[    3.555093] VFS: Dquot-cache hash table entries: 512 (order 0, 4096 bytes)
[    3.555367] squashfs: version 4.0 (2009/01/31) Phillip Lougher
[    3.555598] fuse init (API version 7.23)
[    3.555721] Key type big_key registered
[    3.555741] Allocating IMA MOK and blacklist keyrings.
[    3.555985] Key type asymmetric registered
[    3.555987] Asymmetric key parser 'x509' registered
[    3.556021] Block layer SCSI generic (bsg) driver version 0.4 loaded (major 249)
[    3.564102] io scheduler noop registered
[    3.564105] io scheduler deadline registered (default)
[    3.564157] io scheduler cfq registered
[    3.564258] pci_hotplug: PCI Hot Plug PCI Core version: 0.5
[    3.564264] pciehp: PCI Express Hot Plug Controller Driver version: 0.4
[    3.564413] ACPI: AC Adapter [AC] (on-line)
[    3.564464] input: Power Button as /devices/LNXSYSTM:00/LNXPWRBN:00/input/input0
[    3.564466] ACPI: Power Button [PWRF]
[    3.564542] input: Sleep Button as /devices/LNXSYSTM:00/LNXSLPBN:00/input/input1
[    3.564544] ACPI: Sleep Button [SLPF]
[    3.564698] GHES: HEST is not enabled!
[    3.564796] Serial: 8250/16550 driver, 32 ports, IRQ sharing enabled
[    3.596741] 00:02: ttyS0 at I/O 0x3f8 (irq = 4, base_baud = 115200) is a 16550A
[    3.606300] Linux agpgart interface v0.103
[    3.622891] brd: module loaded
[    3.623977] loop: module loaded
[    3.624649] scsi host0: ata_piix
[    3.624719] scsi host1: ata_piix
[    3.624752] ata1: PATA max UDMA/33 cmd 0x1f0 ctl 0x3f6 bmdma 0xd000 irq 14
[    3.624753] ata2: PATA max UDMA/33 cmd 0x170 ctl 0x376 bmdma 0xd008 irq 15
[    3.624833] libphy: Fixed MDIO Bus: probed
[    3.624835] tun: Universal TUN/TAP device driver, 1.6
[    3.624836] tun: (C) 1999-2004 Max Krasnyansky <maxk@qualcomm.com>
[    3.625252] PPP generic driver version 2.4.2
[    3.625326] ehci_hcd: USB 2.0 'Enhanced' Host Controller (EHCI) Driver
[    3.625331] ehci-pci: EHCI PCI platform driver
[    3.625340] ehci-platform: EHCI generic platform driver
[    3.625350] ohci_hcd: USB 1.1 'Open' Host Controller (OHCI) Driver
[    3.625353] ohci-pci: OHCI PCI platform driver
[    3.625361] ohci-platform: OHCI generic platform driver
[    3.625368] uhci_hcd: USB Universal Host Controller Interface driver
[    3.625424] i8042: PNP: PS/2 Controller [PNP0303:PS2K,PNP0f03:PS2M] at 0x60,0x64 irq 1,12
[    3.626357] serio: i8042 KBD port at 0x60,0x64 irq 1
[    3.626362] serio: i8042 AUX port at 0x60,0x64 irq 12
[    3.626519] mousedev: PS/2 mouse device common for all mice
[    3.626890] rtc_cmos rtc_cmos: rtc core: registered rtc_cmos as rtc0
[    3.627002] rtc_cmos rtc_cmos: alarms up to one day, 114 bytes nvram
[    3.627009] i2c /dev entries driver
[    3.627063] device-mapper: uevent: version 1.0.3
[    3.627171] device-mapper: ioctl: 4.34.0-ioctl (2015-10-28) initialised: dm-devel@redhat.com
[    3.627189] ledtrig-cpu: registered to indicate activity on CPUs
[    3.627511] NET: Registered protocol family 10
[    3.627676] NET: Registered protocol family 17
[    3.627688] Key type dns_resolver registered
[    3.628402] microcode: CPU0: patch_level=0x01000086
[    3.628147] microcode: CPU1: patch_level=0x01000086
[    3.628515] microcode: Microcode Update Driver: v2.01 <tigran@aivazian.fsnet.co.uk>, Peter Oruba
[    3.628639] registered taskstats version 1
[    3.628652] Loading compiled-in X.509 certificates
[    3.629624] Loaded X.509 cert 'Build time autogenerated kernel key: d76179dc6bbadd817ec29258d181eadabda602cb'
[    3.629643] zswap: loaded using pool lzo/zbud
[    3.631750] Key type trusted registered
[    3.634450] Key type encrypted registered
[    3.634455] AppArmor: AppArmor sha1 policy hashing enabled
[    3.634458] ima: No TPM chip found, activating TPM-bypass!
[    3.634476] evm: HMAC attrs: 0x1
[    3.634751]   Magic number: 4:684:159
[    3.652304] rtc_cmos rtc_cmos: setting system clock to 2016-10-23 03:10:58 UTC (1477192258)
[    3.652417] BIOS EDD facility v0.16 2004-Jun-25, 0 devices found
[    3.652417] EDD information not available.
[    3.679305] input: AT Translated Set 2 keyboard as /devices/platform/i8042/serio0/input/input2
[    4.063787] Freeing unused kernel memory: 1480K (ffffffff81f42000 - ffffffff820b4000)
[    4.077968] Write protecting the kernel read-only data: 14336k
[    4.094705] Freeing unused kernel memory: 1820K (ffff880001839000 - ffff880001a00000)
[    4.109932] Freeing unused kernel memory: 152K (ffff880001dda000 - ffff880001e00000)
Loading, please wait...
starting version 229
[    4.146660] random: udevadm: uninitialized urandom read (16 bytes read, 3 bits of entropy available)
[    4.146910] random: systemd-udevd: uninitialized urandom read (16 bytes read, 3 bits of entropy available)
[    4.147061] random: systemd-udevd: uninitialized urandom read (16 bytes read, 3 bits of entropy available)
[    4.147074] random: systemd-udevd: uninitialized urandom read (16 bytes read, 3 bits of entropy available)
[    4.147089] random: systemd-udevd: uninitialized urandom read (16 bytes read, 3 bits of entropy available)
[    4.232968] random: udevadm: uninitialized urandom read (16 bytes read, 3 bits of entropy available)
[    4.241466] random: udevadm: uninitialized urandom read (16 bytes read, 3 bits of entropy available)
[    4.244461] random: udevadm: uninitialized urandom read (16 bytes read, 3 bits of entropy available)
[    4.247266] random: udevadm: uninitialized urandom read (16 bytes read, 3 bits of entropy available)
[    4.261984] random: udevadm: uninitialized urandom read (16 bytes read, 3 bits of entropy available)
[    4.315097] e1000: Intel(R) PRO/1000 Network Driver - version 7.3.21-k8-NAPI
[    4.330733] e1000: Copyright (c) 1999-2006 Intel Corporation.
[    4.350679] Fusion MPT base driver 3.04.20
[    4.352006] Copyright (c) 1999-2008 LSI Corporation
[    4.360019] Fusion MPT SPI Host driver 3.04.20
[    4.562863] input: ImExPS/2 Generic Explorer Mouse as /devices/platform/i8042/serio1/input/input4
[    4.817934] e1000 0000:00:03.0 eth0: (PCI:33MHz:32-bit) 02:3b:10:fe:82:8d
[    4.826330] e1000 0000:00:03.0 eth0: Intel(R) PRO/1000 Network Connection
[    4.848211] mptbase: ioc0: Initiating bringup
[    4.848941] e1000 0000:00:03.0 enp0s3: renamed from eth0
[    4.973015] ioc0: LSI53C1030 A0: Capabilities={Initiator}
[    5.839912] scsi host2: ioc0: LSI53C1030 A0, FwRev=00000000h, Ports=1, MaxQ=256, IRQ=20
[    5.966161] scsi 2:0:0:0: Direct-Access     VBOX     HARDDISK         1.0  PQ: 0 ANSI: 5
[    6.027132] scsi target2:0:0: Beginning Domain Validation
[    6.035080] scsi target2:0:0: Domain Validation skipping write tests
[    6.045745] scsi target2:0:0: Ending Domain Validation
[    6.614858] scsi target2:0:0: asynchronous
[    6.624064] scsi 2:0:1:0: Direct-Access     VBOX     HARDDISK         1.0  PQ: 0 ANSI: 5
[    6.630621] scsi target2:0:1: Beginning Domain Validation
[    6.642455] scsi target2:0:1: Domain Validation skipping write tests
[    6.649789] scsi target2:0:1: Ending Domain Validation
[    6.801549] scsi target2:0:1: asynchronous
[    6.814279] sd 2:0:0:0: Attached scsi generic sg0 type 0
[    6.822026] sd 2:0:0:0: [sda] 20971520 512-byte logical blocks: (10.7 GB/10.0 GiB)
[    6.825699] sd 2:0:1:0: Attached scsi generic sg1 type 0
[    6.845306] sd 2:0:0:0: [sda] Write Protect is off
[    6.845362] sd 2:0:1:0: [sdb] 20480 512-byte logical blocks: (10.5 MB/10.0 MiB)
[    6.867666] sd 2:0:0:0: [sda] Incomplete mode parameter data
[    6.873735] sd 2:0:0:0: [sda] Assuming drive cache: write through
[    6.876445] sd 2:0:1:0: [sdb] Write Protect is off
[    6.876580] sd 2:0:1:0: [sdb] Incomplete mode parameter data
[    6.876581] sd 2:0:1:0: [sdb] Assuming drive cache: write through
[    6.889156] sd 2:0:1:0: [sdb] Attached SCSI disk
[    6.938882]  sda: sda1
[    6.952281] sd 2:0:0:0: [sda] Attached SCSI disk
[    7.387256] floppy0: no floppy controllers found
Begin: Loading essential drivers[    9.210558] md: linear personality registered for level -1
 ... [    9.228224] md: multipath personality registered for level -4
[    9.235876] md: raid0 personality registered for level 0
[    9.241840] md: raid1 personality registered for level 1
[    9.340174] raid6: sse2x1   gen()  2542 MB/s
[    9.420299] raid6: sse2x1   xor()  3208 MB/s
[    9.493468] raid6: sse2x2   gen()  5094 MB/s
[    9.568794] raid6: sse2x2   xor()  4787 MB/s
[    9.644864] raid6: sse2x4   gen()  5811 MB/s
[    9.713191] raid6: sse2x4   xor()  2592 MB/s
[    9.721412] raid6: using algorithm sse2x4 gen() 5811 MB/s
[    9.723024] raid6: .... xor() 2592 MB/s, rmw enabled
[    9.724604] raid6: using intx1 recovery algorithm
[    9.728835] xor: measuring software checksum speed
[    9.768845]    prefetch64-sse: 10812.000 MB/sec
[    9.824508]    generic_sse: 10554.000 MB/sec
[    9.825602] xor: using function: prefetch64-sse (10812.000 MB/sec)
[    9.828910] async_tx: api initialized (async)
[    9.840566] md: raid6 personality registered for level 6
[    9.850783] md: raid5 personality registered for level 5
[    9.859032] md: raid4 personality registered for level 4
[    9.873390] md: raid10 personality registered for level 10
done.
Begin: Running /scripts/init-premount ... done.
Begin: Mounting root file system ... Begin: Running /scripts/local-top ... done.
Begin: Running /scripts/local-premount ... [    9.937097] Btrfs loaded
Scanning for Btrfs filesystems
done.
Warning: fsck not present, so skipping root file system
[   10.019880] EXT4-fs (sda1): mounted filesystem with ordered data mode. Opts: (null)
done.
Begin: Running /scripts/local-bottom ... done.
Begin: Running /scripts/init-bottom ... Warning: overlayroot: debug is busted
done.
[   10.577710] systemd[1]: systemd 229 running in system mode. (+PAM +AUDIT +SELINUX +IMA +APPARMOR +SMACK +SYSVINIT +UTMP +LIBCRYPTSETUP +GCRYPT +GNUTLS +ACL +XZ -LZ4 +SECCOMP +BLKID +ELFUTILS +KMOD -IDN)
[   10.588484] systemd[1]: Detected virtualization oracle.
[   10.597536] systemd[1]: Detected architecture x86-64.

Welcome to [1mUbuntu 16.04.1 LTS[0m!

[   10.819799] systemd[1]: Set hostname to <ubuntu-xenial>.
[ 115851] ystemd[1]: Listening on udev Control Socket.
[[0;32m  OK  [0m] Listening on udev Control Socket.
[   11.775435] systemd[1]: Listening on udev Kernel Socket.
[[   11.783911] random: nonblocking pool is initialized
[0;32m  OK  [0m] Listening on udev Kernel Socket.
[   11.805372] systemd[1]: Listening on Journal Socket (/dev/log).
[[0;32m  OK  [0m] Listening on Journal Socket (/dev/log).
[   11.821006] systemd[1]: Reached target User and Group Name Lookups.
[[0;32m  OK  [0m] Reached target User and Group Name Lookups.
[   11.824228]systemd[1]: Started Forward Password Requests to Wall Directory Watch.

[[0;32m  OK  [0m] Started Forward Password Requests to Wall Directory Watch.
[   11.895447] systemd[1]: Reached target Swap.
[[0;32m  OK  [0m] Reached target Swap.
[   11.899655] systemd[1]: Created slice System Slice.
[[0;32m  OK  [0m] Created slice System Slice.
[   11.925471] systemd[1]: Created slice system-postgresql.slice.
[[0;32m  OK  [0m] Created slice system-postgresql.slice.
[   11.968164] systemd[1]: Created slice system-serial\x2dgetty.slice.
[[0;32m  OK  [0m] Created slice system-serial\x2dgetty.slice.
[   11.972685] systemd[1]: Listening on Journal Socket.
[[0;32m  OK  [0m] Listening on Journal Socket.
[   11.989612] systemd[1]: Starting Remount Root and Kernel File Systems...
         Starting Remount Root and Kernel File Systems...
[   12.033834] systemd[1]: Starting Nameserver information manager...
         Starting Nameserver information manager...
[   12.079688] EXT4-fs (sda1): re-mounted. Opts: (null)
[   12.093156] systemd[1]: Starting Set console keymap...
         Starting Set console keymap...
[   12.152249] systemd[1]: Starting Load Kernel Modules...
         Starting Load Kernel Modules...
[   12.209275] systemd[1]: Mounting Debug File System...
         Mounting Debug File Sys[   12.257384] Loading iSCSI transport class v2.0-870.
tem...
[   12.308105] systemd[1]: Mounting POSIX Message Queue File System...
         Mounting POSIX M[   12.314268] iscsi: registered transport (tcp)
essage Queue File System...
[   12.396277] systemd[1]: Mounting Huge Pages File System...
         Mounting Huge Pages File System...
[   12.412724] systemd[1]: Starting Create list of required static device nodes for the current kernel...
         Starting Create list of required st... nodes for the current kernel...
[   12.420358] systemd[1]: Listening on LVM2 metadata daemon socket.
[[0;32m  OK  [0m] Listening on LVM2 metadata daemon socket.
[   12.428570] systemd[1]: Listening on Journal Audit Socket.
[[0;32m  OK  [0m] Listening on Journal Audit Socket.
[   12.432225] systemd[1]: Reached target Encrypted Volumes.
[[0;32m  OK  [0m] Reached target Encrypted Volumes.
[   12.444656] iscsi: registered transport (iser)
[   12.458999] systemd[1]: Created slice User and Session Slice.
[[0;32m  OK  [0m] Created slice User and Session Slice.
[   12.471327] systemd[1]: Reached target Slices.
[[0;32m  OK  [0m] Reached target Slices.
[   12.475105] systemd[1]: Set up automount Arbitrary Executable File Formats File System Automount Point.
[[0;32m  OK  [0m] Set up automount Arbitrary Executab...ats File System Automount Point.
[   12.505195] systemd[1]: Starting Uncomplicated firewall...
         Starting Uncomplicated firewall...
[   12.516660] systemd[1]: Listening on /dev/initctl Compatibility Named Pipe.
[[0;32m  OK  [0m] Listening on /dev/initctl Compatibility Named Pipe.
[   12.531346] systemd[1]: Listening on LVM2 poll daemon socket.
[[0;32m  OK  [0m] Listening on LVM2 poll daemon socket.
[   12.537859] systemd[1]: Listening on Device-mapper event daemon FIFOs.
[[0;32m  OK  [0m] Listening on Device-mapper event daemon FIFOs.
[   12.544392] systemd[1]: Starting Monitoring of LVM2 mirrors, snapshots etc. using dmeventd or progress polling...
         Starting Monitoring of LVM2 mirrors... dmeventd or progress polling...
[   12.596925] systemd[1]: Listening on Syslog Socket.
[[0;32m  OK  [0m] Listening on Syslog Socket.
[   12.656632] systemd[1]: Starting Journal Service...
         Starting Journal Service...
[   12.679554] systemd[1]: Mounted Debug File System.
[[0;32m  OK  [0m] Mounted Debug File System.
[   12.709387] systemd[1]: Mounted Huge Pages File System.
[[0;32m  OK  [0m] Mounted Huge Pages File System.
[   12.725128] systemd[1]: Mounted POSIX Message Queue File System.
[[0;32m  OK  [0m] Mounted POSIX Message Queue File System.
[   12.732710] systemd[1]: Started Remount Root and Kernel File Systems.
[[0;32m  OK  [0m] Started Remount Root and Kernel File Systems.
[   12.751072] systemd[1]: Started Set console keymap.
[[0;32m  OK  [0m] Started Set console keymap.
[   12.759793] systemd[1]: Started Load Kernel Modules.
[[0;32m  OK  [0m] Started Load Kernel Modules.
[   12.774726] systemd[1]: Started Create list of required static device nodes for the current kernel.
[[0;32m  OK  [0m] Started Create list of required sta...ce nodes for the current kernel.
[   12.837734] systemd[1]: Started Uncomplicated firewall.
[[0;32m  OK  [0m] Started Uncomplicated firewall.
[   12.880461] systemd[1]: Started Nameserver information manager.
[[0;32m  OK  [0m] Started Nameserver information manager.
[   12.903710] systemd[1]: Started Journal Service.
[[0;32m  OK  [0m] Started Journal Service.
[[0;32m  OK  [0m] Started LVM2 metadata daemon.
         Starting Create Static Device Nodes in /dev...
         Mounting FUSE Control File System...
         Starting Apply Kernel Variables...
         Starting Flush Journal to Persistent Storage...
         Starting udev Coldplug all Devices...
         Starting Load/Save Random Seed...
[[0;32m  OK  [0m] Mounted FUSE Control File System.
[[0;32m  OK  [0m] Started Apply Kernel Variables.
[[0;32m  OK  [0m] Started Load/Save Random Seed.
[[0;32m  OK  [0m] Started Flush Journal to Persistent Storage.
[[0;32m  OK  [0m] Started Create Static Device Nodes in /dev.
[[0;32m  OK  [0m] Started udev Coldplug all Devices.
         Starting udev Kernel Device Manager...
[[0;32m  OK  [0m] Started Monitoring of LVM2 mirrors,...ng dmeventd or progress polling.
[[0;32m  OK  [0m] Started udev Kernel Device Manager.
[[0;32m  OK  [0m] Started Dispatch Password Requests to Console Directory Watch.
[[0;32m  OK  [0m] Reached target Local File Systems (Pre).
[[0;32m  OK  [0m] Reached target Local File Systems.
         Starting LSB: AppArmor initialization...
         Starting Tell Plymouth To Write Out Runtime Data...
         Starting Create Volatile Files and Directories...
         Starting Run snappy firstboot setup...
         Starting Set console font and keymap...
         Starting Initial cloud-init job (pre-networking)...
[[0;32m  OK  [0m] Started Tell Plymouth To Write Out Runtime Data.
[[0;32m  OK  [0m] Found device /dev/ttyS0.
[[0;32m  OK  [0m] Started Create Volatile Files and Directories.
[[0;32m  OK  [0m] Listening on Load/Save RF Kill Switch Status /dev/rfkill Watch.
[[0;32m  OK  [0m] Reached target System Time Synchronized.
         Starting Update UTMP about System Boot/Shutdown...
[[0;32m  OK  [0m] Found device 82540EM Gigabit Ethern...r (PRO/1000 MT Desktop Adapter).
[[0;32m  OK  [0m] Started Update UTMP about System Boot/Shutdown.
[[0;32m  OK  [0m] Started Run snappy firstboot setup.
[[0;32m  OK  [0m] Started Set console font and keymap.
[[0;32m  OK  [0m] Created slice system-getty.slice.
[[0;1;31mFAILED[0m] Failed to start LSB: AppArmor initialization.
See 'systemctl status apparmor.service' for details.
[[0;32m  OK  [0m] Reached target System Initialization.
[[0;32m  OK  [0m] Started Trigger resolvconf update for networkd DNS.
[[0;32m  OK  [0m] Started Daily Cleanup of Temporary Directories.
[[0;32m  OK  [0m] Started Timer to automatically refresh installed snaps.
[[0;32m  OK  [0m] Listening on D-Bus System Message Bus Socket.
         Starting Socket activation for snappy daemon.
[[0;32m  OK  [0m] Listening on UUID daemon activation socket.
[[0;32m  OK  [0m] Started ACPI Events Check.
[[0;32m  OK  [0m] Reached target Paths.
[[0;32m  OK  [0m] Listening on ACPID Listen Socket.
[[0;32m  OK  [0m] Started Daily apt activities.
[[0;32m  OK  [0m] Reached target Timers.
         Starting LXD - unix socket.
[[0;32m  OK  [0m] Listening on Socket activation for snappy daemon.
[[0;32m  OK  [0m] Listening on LXD - unix socket.
[[0;32m  OK  [0m] Reached target Sockets.
[[0;32m  OK  [0m] Reached target Basic System.
[[0;32m  OK  [0m] Started Regular background program processing daemon.
         Starting LSB: Record successful boot for GRUB...
[[0;32m  OK  [0m] Started D-Bus System Message Bus.
         Starting System Logging Service...
[[0;32m  OK  [0m] Started Snappy daemon.
[[0;32m  OK  [0m] Started ACPI event daemon.
         Starting Accounts Service...
         Starting vboxadd.service...
         Starting vboxadd-x11.service...
[[0;32m  OK  [0m] Started FUSE filesystem for LXC.
         Starting Login Service...
[[0;32m  OK  [0m] Started Deferred execution scheduler.
         Starting LSB: MD monitoring daemon...
         Starting PostgreSQL Cluster 9.5-main...
         Starting LXD - container startup/shutdown...
[[0;32m  OK  [0m] Started System Logging Service.
[[0;32m  OK  [0m] Started vboxadd-x11.service.
[[0;32m  OK  [0m] Started Login Service.
[[0;32m  OK  [0m] Started LSB: Record successful boot for GRUB.
[[0;32m  OK  [0m] Started LSB: MD monitoring daemon.
         Starting Authenticate and Authorize Users to Run Privileged Tasks...
[[0;32m  OK  [0m] Started vboxadd.service.
         Starting vboxadd-service.service...
[[0;32m  OK  [0m] Started Authenticate and Authorize Users to Run Privileged Tasks.
[[0;32m  OK  [0m] Started Accounts Service.
[[0;32m  OK  [0m] Started vboxadd-service.service.
[[0;32m  OK  [0m] Started LXD - container startup/shutdown.
[   23.268685] cloud-init[523]: Cloud-init v. 0.7.8 running 'init-local' at Sun, 23 Oct 2016 03:11:16 +0000. Up 22.02 seconds.
[[0;32m  OK  [0m] Started Initial cloud-init job (pre-networking).
[[0;32m  OK  [0m] Reached target Network (Pre).
         Starting Raise network interfaces...
[[0;32m  OK  [0m] Started ifup for enp0s3.
[[0;32m  OK  [0m] Started Raise network interfaces.
[[0;32m  OK  [0m] Reached target Network.
         Starting MySQL Community Server...
         Starting Initial cloud-init job (metadata service crawler)...
[[0;32m  OK  [0m] Started PostgreSQL Cluster 9.5-main.
         Starting PostgreSQL RDBMS...
[[0;32m  OK  [0m] Started PostgreSQL RDBMS.
[   26.132478] cloud-init[1173]: Cloud-init v. 0.7.8 running 'init' at Sun, 23 Oct 2016 03:11:19 +0000. Up 24.45 seconds.
[   26.180388] cloud-init[1173]: ci-info: +++++++++++++++++++++++++++++++++++++Net device info++++++++++++++++++++++++++++++++++++++
[   26.197025] cloud-init[1173]: ci-info: +--------+------+----------------------------+---------------+-------+-------------------+
[   26.205462] cloud-init[1173]: ci-info: | Device |  Up  |          Address           |      Mask     | Scope |     Hw-Address    |
[   26.251665] cloud-init[1173]: ci-info: +--------+------+----------------------------+---------------+-------+-------------------+
[   26.272112] cloud-init[1173]: ci-info: | enp0s3 | True |         10.0.2.15          | 255.255.255.0 |   .   | 02:3b:10:fe:82:8d |
[   26.275387] cloud-init[1173]: ci-info: | enp0s3 | True | fe80::3b:10ff:fefe:828d/64 |       .       |  link | 02:3b:10:fe:82:8d |
[   26.288929] cloud-init[1173]: [[0;32m  OK  [0m] Started Initial cloud-init job (metadata service crawler).
ci-info: |   lo   | True |         127.0.0.1          |   255.0.0.0   |   .   |         .         |
[   26.369899] cloud-init[1173]: ci-info: |   lo   | True |          ::1/128           |       .       |  host |         .         |
[   26.373727] [[0;32m  OK  [0m] Reached target Network is Online.
cloud-init[1173]: ci-info: +--------+------+----------------------------+---------------+-------+-------------------+
[   26.387382] cloud-init[1173]: ci-info: +++++++++++++++++++++++++++Route IPv4 info++++++++++++++++++++++++++++
[   26.390550] cloud-init[1173]: ci-info: +-------+-------------+----------+---------------+-----------+-------+
[   26.396244] cloud-init[1173]: ci-info: | Route | Destination | Gateway  |    Genmask    | Interface | Flags |
[   26.399528] cloud-init[1173]: ci-info: +-------+-------------+----------+---------------+-----------+-------+
[   26.449481] cloud-init[1173]: ci-info: |   0   |   0.0.0.0   | 10.0.2.2 |    0.0.0.0    |   enp0s3  |   UG  |
         Starting /etc/rc.local Compatibility...
[   26.457658] cloud-init[1173]: ci-info: |   1   |   10.0.2.0  | 0.0.0.0  | 255.255.255.0 |   enp0s3  |   U   |
         Starting iSCSI initiator daemon (iscsid)...
[   26.492334] cloud-init[1173]: ci-info: +-------+-------------+----------+---------------+-----------+-------+
         Starting OpenBSD Secure Shell server...
[[0;32m  OK  [0m] Reached target Cloud-config availability.
         Starting Apply the settings specified in cloud-config...
[[0;32m  OK  [0m] Started /etc/rc.local Compatibility.
[[0;32m  OK  [0m] Started iSCSI initiator daemon (iscsid).
         Starting Login to default iSCSI targets...
[[0;32m  OK  [0m] Started OpenBSD Secure Shell server.
[[0;32m  OK  [0m] Started Login to default iSCSI targets.
[[0;32m  OK  [0m] Reached target Remote File Systems (Pre).
[[0;32m  OK  [0m] Reached target Remote File Systems.
         Starting Permit User Sessions...
         Starting LSB: Set the CPU Frequency Scaling governor to "ondemand"...
         Starting LSB: Start/stop sysstat's sadc...
         Starting LSB: daemon to balance interrupts for SMP systems...
         Starting LSB: automatic crash report generation...
[[0;32m  OK  [0m] Started Permit User Sessions.
[[0;32m  OK  [0m] Started LSB: Set the CPU Frequency Scaling governor to "ondemand".
[[0;32m  OK  [0m] Started LSB: Start/stop sysstat's sadc.
         Starting Hold until boot process finishes up...
         Starting Terminate Plymouth Boot Screen...
[[0;32m  OK  [0m] Started Hold until boot process finishes up.
[[0;32m  OK  [0m] Started Getty on tty1.
         Starting Set console scheme...
[[0;32m  OK  [0m] Started Serial Getty on ttyS0.
[[0;32m  OK  [0m] Reached target Login Prompts.
[[0;32m  OK  [0m] Started Terminate Plymouth Boot Screen.
[[0;32m  OK  [0m] Started Set console scheme.
[[0;32m  OK  [0m] Started LSB: daemon to balance interrupts for SMP systems.
[[0;32m  OK  [0m] Started LSB: automatic crash report generation.
[   28.110459] cloud-init[1254]: Cloud-init v. 0.7.8 running 'modules:config' at Sun, 23 Oct 2016 03:11:22 +0000. Up 27.35 seconds.
[[0;32m  OK  [0m] Started Apply the settings specified in cloud-config.
[[0;32m  OK  [0m] Started MySQL Community Server.
[[0;32m  OK  [0m] Reached target Multi-User System.
         Starting Notify bootloader that boot was successful...
         Starting Execute cloud user/final scripts...
[[0;32m  OK  [0m] Reached target Graphical Interface.
         Starting Update UTMP about System Runlevel Changes...
[[0;32m  OK  [0m] Started Notify bootloader that boot was successful.
[[0;32m  OK  [0m] Started Update UTMP about System Runlevel Changes.
[   29.277240] cloud-init[1365]: Cloud-init v. 0.7.8 running 'modules:final' at Sun, 23 Oct 2016 03:11:23 +0000. Up 29.08 seconds.
[   29.332785] cloud-init[1365]: Cloud-init v. 0.7.8 finished at Sun, 23 Oct 2016 03:11:24 +0000. Datasource DataSourceNoCloud [seed=/dev/sdb][dsmode=net].  Up 29.26 seconds
[[0;32m  OK  [0m] Started Execute cloud user/final scripts.
[[0;32m  OK  [0m] Reached target Cloud-init target.

Ubuntu 16.04.1 LTS ubuntu-xenial ttyS0

ubuntu-xenial login: 